// Vitest Snapshot v1, https://vitest.dev/guide/snapshot.html

exports[`GifsApp > should render correctly 1`] = `
<div>
  <div
    class="content-center"
  >
    <h1>
       
      Buscador de Gifs
       
    </h1>
    <p>
      Descubre y comparte el gif perfecto :)
    </p>
  </div>
  <div
    class="search-container"
  >
    <input
      placeholder="Buscar gifs..."
      type="text"
      value=""
    />
    <button>
      Search
    </button>
  </div>
  <div
    class="previous-searches"
  >
    <h2>
       Busquedas previas 
    </h2>
    <ul
      class="previous-searches-list"
    />
  </div>
  <div
    class="gif-container"
  />
</div>
`;
